// Jest Snapshot v1, https://goo.gl/fbAQLP

exports[`renders correctly 1`] = `
<styled.div>
  <styled.span>
    192.168.0.1
  </styled.span>
  <styled.span>
    Last Connected at: 
  </styled.span>
</styled.div>
`;
