// Jest Snapshot v1, https://goo.gl/fbAQLP

exports[`renders correctly 1`] = `
<div>
  <styled.h3>
    Most recently connected user
  </styled.h3>
  <hr />
  <Component
    ip={
      Object {
        "ip": "192.168.0.100",
        "timestamp": 1991-01-02T05:00:00.000Z,
      }
    }
  />
</div>
`;
